c:\users\ibrahim\hakigpuassmt\n-bodies-sim-gpu\cudaphysics\x64\release\cudaphysics.pch
c:\users\ibrahim\hakigpuassmt\n-bodies-sim-gpu\cudaphysics\x64\release\vc145.pdb
c:\users\ibrahim\hakigpuassmt\n-bodies-sim-gpu\cudaphysics\x64\release\pch.obj
c:\users\ibrahim\hakigpuassmt\n-bodies-sim-gpu\cudaphysics\x64\release\dllmain.obj
c:\users\ibrahim\hakigpuassmt\n-bodies-sim-gpu\cudaphysics\x64\release\kernel.cu.obj
c:\users\ibrahim\hakigpuassmt\n-bodies-sim-gpu\nbodiessim\bin\release\net10.0\cudaphysics.dll
c:\users\ibrahim\hakigpuassmt\n-bodies-sim-gpu\nbodiessim\bin\release\net10.0\cudaphysics.pdb
c:\users\ibrahim\hakigpuassmt\n-bodies-sim-gpu\nbodiessim\bin\release\net10.0\cudaphysics.lib
c:\users\ibrahim\hakigpuassmt\n-bodies-sim-gpu\nbodiessim\bin\release\net10.0\cudaphysics.exp
c:\users\ibrahim\hakigpuassmt\n-bodies-sim-gpu\cudaphysics\x64\release\cudaphysics.ipdb
c:\users\ibrahim\hakigpuassmt\n-bodies-sim-gpu\cudaphysics\x64\release\cudaphysics.iobj
c:\users\ibrahim\hakigpuassmt\n-bodies-sim-gpu\cudaphysics\x64\release\kernel.cu.cache
c:\users\ibrahim\hakigpuassmt\n-bodies-sim-gpu\cudaphysics\x64\release\cudaphysics.tlog\cl.command.1.tlog
c:\users\ibrahim\hakigpuassmt\n-bodies-sim-gpu\cudaphysics\x64\release\cudaphysics.tlog\cl.items.tlog
c:\users\ibrahim\hakigpuassmt\n-bodies-sim-gpu\cudaphysics\x64\release\cudaphysics.tlog\cl.read.1.tlog
c:\users\ibrahim\hakigpuassmt\n-bodies-sim-gpu\cudaphysics\x64\release\cudaphysics.tlog\cl.write.1.tlog
c:\users\ibrahim\hakigpuassmt\n-bodies-sim-gpu\cudaphysics\x64\release\cudaphysics.tlog\cudacompile.read.1u.tlog
c:\users\ibrahim\hakigpuassmt\n-bodies-sim-gpu\cudaphysics\x64\release\cudaphysics.tlog\cudacompile.write.1u.tlog
c:\users\ibrahim\hakigpuassmt\n-bodies-sim-gpu\cudaphysics\x64\release\cudaphysics.tlog\link.command.1.tlog
c:\users\ibrahim\hakigpuassmt\n-bodies-sim-gpu\cudaphysics\x64\release\cudaphysics.tlog\link.read.1.tlog
c:\users\ibrahim\hakigpuassmt\n-bodies-sim-gpu\cudaphysics\x64\release\cudaphysics.tlog\link.secondary.1.tlog
c:\users\ibrahim\hakigpuassmt\n-bodies-sim-gpu\cudaphysics\x64\release\cudaphysics.tlog\link.write.1.tlog
